// Vitest Snapshot v1

exports[`Document > should render 1`] = `
<div>
  &lt;State initialstate={
      {
        
      }
    }&gt;
  

  {({setState: setSubstitutionState, ...substitutionState}) =&gt; (
  

  &lt;&gt;
  

  &lt;Interpolate substitutions={substitutionState}&gt;
  

  <hr />
  

  <h2
    id="description-some-description"
  >
    description: Some description.
    <a
      class="btn-copy-link invisible"
      href="#description-some-description"
    >
      <svg
        class="h-6 w-6 ml-2 docs-copy-btn"
        fill="none"
        stroke="currentColor"
        viewBox="0 0 24 24"
        xmlns="http://www.w3.org/2000/svg"
      >
        <path
          d="M13.828 10.172a4 4 0 00-5.656 0l-4 4a4 4 0 105.656 5.656l1.102-1.101m-.758-4.899a4 4 0 005.656 0l4-4a4 4 0 00-5.656-5.656l-1.1 1.1"
          stroke-linecap="round"
          stroke-linejoin="round"
          stroke-width="2"
        />
      </svg>
    </a>
  </h2>
  

  <h1
    id="first-level"
  >
    First Level
    <a
      class="btn-copy-link invisible"
      href="#first-level"
    >
      <svg
        class="h-6 w-6 ml-2 docs-copy-btn"
        fill="none"
        stroke="currentColor"
        viewBox="0 0 24 24"
        xmlns="http://www.w3.org/2000/svg"
      >
        <path
          d="M13.828 10.172a4 4 0 00-5.656 0l-4 4a4 4 0 105.656 5.656l1.102-1.101m-.758-4.899a4 4 0 005.656 0l4-4a4 4 0 00-5.656-5.656l-1.1 1.1"
          stroke-linecap="round"
          stroke-linejoin="round"
          stroke-width="2"
        />
      </svg>
    </a>
  </h1>
  

  <h2
    id="second-level-one"
  >
    Second Level One
    <a
      class="btn-copy-link invisible"
      href="#second-level-one"
    >
      <svg
        class="h-6 w-6 ml-2 docs-copy-btn"
        fill="none"
        stroke="currentColor"
        viewBox="0 0 24 24"
        xmlns="http://www.w3.org/2000/svg"
      >
        <path
          d="M13.828 10.172a4 4 0 00-5.656 0l-4 4a4 4 0 105.656 5.656l1.102-1.101m-.758-4.899a4 4 0 005.656 0l4-4a4 4 0 00-5.656-5.656l-1.1 1.1"
          stroke-linecap="round"
          stroke-linejoin="round"
          stroke-width="2"
        />
      </svg>
    </a>
  </h2>
  

  <p>
    First Paragraph.
  </p>
  

  <h2
    id="second-level-two"
  >
    Second Level Two
    <a
      class="btn-copy-link invisible"
      href="#second-level-two"
    >
      <svg
        class="h-6 w-6 ml-2 docs-copy-btn"
        fill="none"
        stroke="currentColor"
        viewBox="0 0 24 24"
        xmlns="http://www.w3.org/2000/svg"
      >
        <path
          d="M13.828 10.172a4 4 0 00-5.656 0l-4 4a4 4 0 105.656 5.656l1.102-1.101m-.758-4.899a4 4 0 005.656 0l4-4a4 4 0 00-5.656-5.656l-1.1 1.1"
          stroke-linecap="round"
          stroke-linejoin="round"
          stroke-width="2"
        />
      </svg>
    </a>
  </h2>
  

  <p>
    Second Paragraph.
  </p>
  

  &lt;/Interpolate&gt;
  

  &lt;/&gt;
  

  )}
  

  &lt;/State&gt;
</div>
`;
